---
source: tests/demo_showcase_snapshots.rs
expression: snapshot
---
{
  "config": {
    "seed": 42
  },
  "final_step_idx": 18,
  "step_transition_frames": [
    240,
    480,
    691,
    932,
    1173,
    1384,
    1565,
    1806,
    2077,
    2318,
    2559,
    2800,
    3041,
    3282,
    3493,
    3734,
    3944,
    4214
  ],
  "total_steps": 19,
  "tour_completed": true
}
