---
source: src/ansi/mod.rs
expression: sequences
---
[
  {
    "description": "red",
    "hex": "1b 5b 33 38 3b 35 3b 31 39 36 6d",
    "readable": "ESC[38;5;196m"
  },
  {
    "description": "green",
    "hex": "1b 5b 33 38 3b 35 3b 34 36 6d",
    "readable": "ESC[38;5;46m"
  },
  {
    "description": "blue",
    "hex": "1b 5b 33 38 3b 35 3b 32 31 6d",
    "readable": "ESC[38;5;21m"
  },
  {
    "description": "white",
    "hex": "1b 5b 33 38 3b 35 3b 32 33 31 6d",
    "readable": "ESC[38;5;231m"
  },
  {
    "description": "black",
    "hex": "1b 5b 33 38 3b 35 3b 31 36 6d",
    "readable": "ESC[38;5;16m"
  }
]
